#-----------------------------------------------------------
# Webtalk v2017.3.1 (64-bit)
# SW Build 2018833 on Wed Oct  4 19:58:22 MDT 2017
# IP Build 2034413 on Fri Oct 20 15:56:25 MDT 2017
# Start of session at: Sun Nov 26 13:36:08 2017
# Process ID: 4348
# Current directory: C:/Users/Anvi/Desktop/ESE_345_PROJECT/Multimedia_Unit_Project/Multimedia_Unit_Project.sim/instruction_buffer_sim/behav/xsim
# Command line: wbtcv.exe -mode batch -source C:/Users/Anvi/Desktop/ESE_345_PROJECT/Multimedia_Unit_Project/Multimedia_Unit_Project.sim/instruction_buffer_sim/behav/xsim/xsim.dir/Multimedia_Processor_behav/webtalk/xsim_webtalk.tcl -notrace
# Log file: C:/Users/Anvi/Desktop/ESE_345_PROJECT/Multimedia_Unit_Project/Multimedia_Unit_Project.sim/instruction_buffer_sim/behav/xsim/webtalk.log
# Journal file: C:/Users/Anvi/Desktop/ESE_345_PROJECT/Multimedia_Unit_Project/Multimedia_Unit_Project.sim/instruction_buffer_sim/behav/xsim\webtalk.jou
#-----------------------------------------------------------
source C:/Users/Anvi/Desktop/ESE_345_PROJECT/Multimedia_Unit_Project/Multimedia_Unit_Project.sim/instruction_buffer_sim/behav/xsim/xsim.dir/Multimedia_Processor_behav/webtalk/xsim_webtalk.tcl -notrace
