#-----------------------------------------------------------
# Webtalk v2017.3.1 (64-bit)
# SW Build 2035080 on Fri Oct 20 14:20:01 MDT 2017
# IP Build 2034413 on Fri Oct 20 15:56:25 MDT 2017
# Start of session at: Sun Dec  3 16:07:46 2017
# Process ID: 7492
# Current directory: C:/Users/Wilmer Suarez/Desktop/ESE_345_PROJECT/Multimedia_Unit_Project/Multimedia_Unit_Project.sim/control_sim/behav/xsim
# Command line: wbtcv.exe -mode batch -source C:/Users/Wilmer Suarez/Desktop/ESE_345_PROJECT/Multimedia_Unit_Project/Multimedia_Unit_Project.sim/control_sim/behav/xsim/xsim.dir/control_tb_behav/webtalk/xsim_webtalk.tcl -notrace
# Log file: C:/Users/Wilmer Suarez/Desktop/ESE_345_PROJECT/Multimedia_Unit_Project/Multimedia_Unit_Project.sim/control_sim/behav/xsim/webtalk.log
# Journal file: C:/Users/Wilmer Suarez/Desktop/ESE_345_PROJECT/Multimedia_Unit_Project/Multimedia_Unit_Project.sim/control_sim/behav/xsim\webtalk.jou
#-----------------------------------------------------------
source C:/Users/Wilmer -notrace
