#-----------------------------------------------------------
# Vivado v2017.3.1 (64-bit)
# SW Build 2035080 on Fri Oct 20 14:20:01 MDT 2017
# IP Build 2034413 on Fri Oct 20 15:56:25 MDT 2017
# Start of session at: Mon Dec  4 23:14:27 2017
# Process ID: 18964
# Current directory: C:/Users/Wilmer Suarez/Desktop/Repos/Multimedia_Processor_ESE345/Multimedia_Unit_Project
# Command line: vivado.exe -gui_launcher_event rodinguilauncherevent5640 C:\Users\Wilmer Suarez\Desktop\Repos\Multimedia_Processor_ESE345\Multimedia_Unit_Project\Multimedia_Unit_Project.xpr
# Log file: C:/Users/Wilmer Suarez/Desktop/Repos/Multimedia_Processor_ESE345/Multimedia_Unit_Project/vivado.log
# Journal file: C:/Users/Wilmer Suarez/Desktop/Repos/Multimedia_Processor_ESE345/Multimedia_Unit_Project\vivado.jou
#-----------------------------------------------------------
start_gui
open_project {C:/Users/Wilmer Suarez/Desktop/Repos/Multimedia_Processor_ESE345/Multimedia_Unit_Project/Multimedia_Unit_Project.xpr}
update_compile_order -fileset sources_1
launch_simulation -simset Multimedia_Processor_tb
source Multimedia_Processor_tb.tcl
restart
run 640 ns
close_sim
reset_run synth_1
launch_runs synth_1 -jobs 4
wait_on_run synth_1
